// Jest Snapshot v1, https://goo.gl/fbAQLP

exports[`add image button can be clicked  1`] = `
Array [
  <div
    className="topnav"
  >
    <a
      href="/home"
      id="home"
    >
      Home
    </a>
    <a
      href="/inbox"
      id="inbox"
    >
      Inbox
    </a>
    <a
      href="/friends"
      id="friends"
    >
      Friends
    </a>
    <a
      href="/profile"
      id="profile"
    >
      Profile
    </a>
    <a
      href="/signin"
      id="logout"
    >
      <svg
        aria-hidden="true"
        className="svg-inline--fa fa-right-from-bracket "
        data-icon="right-from-bracket"
        data-prefix="fas"
        focusable="false"
        role="img"
        style={Object {}}
        viewBox="0 0 512 512"
        xmlns="http://www.w3.org/2000/svg"
      >
        <path
          d="M377.9 105.9L500.7 228.7c7.2 7.2 11.3 17.1 11.3 27.3s-4.1 20.1-11.3 27.3L377.9 406.1c-6.4 6.4-15 9.9-24 9.9c-18.7 0-33.9-15.2-33.9-33.9l0-62.1-128 0c-17.7 0-32-14.3-32-32l0-64c0-17.7 14.3-32 32-32l128 0 0-62.1c0-18.7 15.2-33.9 33.9-33.9c9 0 17.6 3.6 24 9.9zM160 96L96 96c-17.7 0-32 14.3-32 32l0 256c0 17.7 14.3 32 32 32l64 0c17.7 0 32 14.3 32 32s-14.3 32-32 32l-64 0c-53 0-96-43-96-96L0 128C0 75 43 32 96 32l64 0c17.7 0 32 14.3 32 32s-14.3 32-32 32z"
          fill="currentColor"
          style={Object {}}
        />
      </svg>
    </a>
    <div
      className="search-container"
    >
      <form
        action="/search"
      >
        <input
          name="username"
          placeholder="Search.."
          type="text"
        />
        <button
          type="submit"
        >
          <svg
            aria-hidden="true"
            className="svg-inline--fa fa-magnifying-glass "
            data-icon="magnifying-glass"
            data-prefix="fas"
            focusable="false"
            role="img"
            style={Object {}}
            viewBox="0 0 512 512"
            xmlns="http://www.w3.org/2000/svg"
          >
            <path
              d="M416 208c0 45.9-14.9 88.3-40 122.7L502.6 457.4c12.5 12.5 12.5 32.8 0 45.3s-32.8 12.5-45.3 0L330.7 376c-34.4 25.2-76.8 40-122.7 40C93.1 416 0 322.9 0 208S93.1 0 208 0S416 93.1 416 208zM208 352a144 144 0 1 0 0-288 144 144 0 1 0 0 288z"
              fill="currentColor"
              style={Object {}}
            />
          </svg>
        </button>
      </form>
    </div>
  </div>,
  <div
    className="home"
  >
    <div
      className="post--container"
    >
      <input
        className="title"
        id="post-title"
        maxLength="60"
        name="title"
        placeholder="Title.."
        type="text"
      />
      <textarea
        className="input-field"
        id="post-content"
        maxLength="450"
        placeholder="Create a new post.."
        size="450"
        type="text"
      />
      <div
        className="mainPost"
      >
        <div
          className="upload-btn-wrapper"
        >
          <input
            id="actual-btn"
            type="file"
          />
          <label
            for="actual-btn"
          >
            <svg
              aria-hidden="true"
              className="svg-inline--fa fa-image "
              data-icon="image"
              data-prefix="fas"
              focusable="false"
              role="img"
              style={Object {}}
              viewBox="0 0 512 512"
              xmlns="http://www.w3.org/2000/svg"
            >
              <path
                d="M0 96C0 60.7 28.7 32 64 32H448c35.3 0 64 28.7 64 64V416c0 35.3-28.7 64-64 64H64c-35.3 0-64-28.7-64-64V96zM323.8 202.5c-4.5-6.6-11.9-10.5-19.8-10.5s-15.4 3.9-19.8 10.5l-87 127.6L170.7 297c-4.6-5.7-11.5-9-18.7-9s-14.2 3.3-18.7 9l-64 80c-5.8 7.2-6.9 17.1-2.9 25.4s12.4 13.6 21.6 13.6h96 32H424c8.9 0 17.1-4.9 21.2-12.8s3.6-17.4-1.4-24.7l-120-176zM112 192a48 48 0 1 0 0-96 48 48 0 1 0 0 96z"
                fill="currentColor"
                style={Object {}}
              />
            </svg>
             Choose Image
          </label>
        </div>
        <div
          className="dropdown"
        >
          <label
            htmlFor="post-category"
          />
          <select
            id="post-category"
            name="post-category"
          >
            <option
              selected={true}
              value="PUBLIC"
            >
              Public
            </option>
            <option
              value="FRIENDS"
            >
              Friends
            </option>
            <option
              value="PRIVATE"
            >
              Private
            </option>
          </select>
        </div>
        <div>
          <button
            className="submit-button"
            onClick={[Function]}
          >
            <b>
               Submit
            </b>
             
          </button>
        </div>
      </div>
    </div>
  </div>,
]
`;

exports[`enter content 1`] = `
Array [
  <div
    className="topnav"
  >
    <a
      href="/home"
      id="home"
    >
      Home
    </a>
    <a
      href="/inbox"
      id="inbox"
    >
      Inbox
    </a>
    <a
      href="/friends"
      id="friends"
    >
      Friends
    </a>
    <a
      href="/profile"
      id="profile"
    >
      Profile
    </a>
    <a
      href="/signin"
      id="logout"
    >
      <svg
        aria-hidden="true"
        className="svg-inline--fa fa-right-from-bracket "
        data-icon="right-from-bracket"
        data-prefix="fas"
        focusable="false"
        role="img"
        style={Object {}}
        viewBox="0 0 512 512"
        xmlns="http://www.w3.org/2000/svg"
      >
        <path
          d="M377.9 105.9L500.7 228.7c7.2 7.2 11.3 17.1 11.3 27.3s-4.1 20.1-11.3 27.3L377.9 406.1c-6.4 6.4-15 9.9-24 9.9c-18.7 0-33.9-15.2-33.9-33.9l0-62.1-128 0c-17.7 0-32-14.3-32-32l0-64c0-17.7 14.3-32 32-32l128 0 0-62.1c0-18.7 15.2-33.9 33.9-33.9c9 0 17.6 3.6 24 9.9zM160 96L96 96c-17.7 0-32 14.3-32 32l0 256c0 17.7 14.3 32 32 32l64 0c17.7 0 32 14.3 32 32s-14.3 32-32 32l-64 0c-53 0-96-43-96-96L0 128C0 75 43 32 96 32l64 0c17.7 0 32 14.3 32 32s-14.3 32-32 32z"
          fill="currentColor"
          style={Object {}}
        />
      </svg>
    </a>
    <div
      className="search-container"
    >
      <form
        action="/search"
      >
        <input
          name="username"
          placeholder="Search.."
          type="text"
        />
        <button
          type="submit"
        >
          <svg
            aria-hidden="true"
            className="svg-inline--fa fa-magnifying-glass "
            data-icon="magnifying-glass"
            data-prefix="fas"
            focusable="false"
            role="img"
            style={Object {}}
            viewBox="0 0 512 512"
            xmlns="http://www.w3.org/2000/svg"
          >
            <path
              d="M416 208c0 45.9-14.9 88.3-40 122.7L502.6 457.4c12.5 12.5 12.5 32.8 0 45.3s-32.8 12.5-45.3 0L330.7 376c-34.4 25.2-76.8 40-122.7 40C93.1 416 0 322.9 0 208S93.1 0 208 0S416 93.1 416 208zM208 352a144 144 0 1 0 0-288 144 144 0 1 0 0 288z"
              fill="currentColor"
              style={Object {}}
            />
          </svg>
        </button>
      </form>
    </div>
  </div>,
  <div
    className="home"
  >
    <div
      className="post--container"
    >
      <input
        className="title"
        id="post-title"
        maxLength="60"
        name="title"
        placeholder="Title.."
        type="text"
      />
      <textarea
        className="input-field"
        id="post-content"
        maxLength="450"
        placeholder="Create a new post.."
        size="450"
        type="text"
      />
      <div
        className="mainPost"
      >
        <div
          className="upload-btn-wrapper"
        >
          <input
            id="actual-btn"
            type="file"
          />
          <label
            for="actual-btn"
          >
            <svg
              aria-hidden="true"
              className="svg-inline--fa fa-image "
              data-icon="image"
              data-prefix="fas"
              focusable="false"
              role="img"
              style={Object {}}
              viewBox="0 0 512 512"
              xmlns="http://www.w3.org/2000/svg"
            >
              <path
                d="M0 96C0 60.7 28.7 32 64 32H448c35.3 0 64 28.7 64 64V416c0 35.3-28.7 64-64 64H64c-35.3 0-64-28.7-64-64V96zM323.8 202.5c-4.5-6.6-11.9-10.5-19.8-10.5s-15.4 3.9-19.8 10.5l-87 127.6L170.7 297c-4.6-5.7-11.5-9-18.7-9s-14.2 3.3-18.7 9l-64 80c-5.8 7.2-6.9 17.1-2.9 25.4s12.4 13.6 21.6 13.6h96 32H424c8.9 0 17.1-4.9 21.2-12.8s3.6-17.4-1.4-24.7l-120-176zM112 192a48 48 0 1 0 0-96 48 48 0 1 0 0 96z"
                fill="currentColor"
                style={Object {}}
              />
            </svg>
             Choose Image
          </label>
        </div>
        <div
          className="dropdown"
        >
          <label
            htmlFor="post-category"
          />
          <select
            id="post-category"
            name="post-category"
          >
            <option
              selected={true}
              value="PUBLIC"
            >
              Public
            </option>
            <option
              value="FRIENDS"
            >
              Friends
            </option>
            <option
              value="PRIVATE"
            >
              Private
            </option>
          </select>
        </div>
        <div>
          <button
            className="submit-button"
            onClick={[Function]}
          >
            <b>
               Submit
            </b>
             
          </button>
        </div>
      </div>
    </div>
  </div>,
]
`;

exports[`enter search content 1`] = `
Array [
  <div
    className="topnav"
  >
    <a
      href="/home"
      id="home"
    >
      Home
    </a>
    <a
      href="/inbox"
      id="inbox"
    >
      Inbox
    </a>
    <a
      href="/friends"
      id="friends"
    >
      Friends
    </a>
    <a
      href="/profile"
      id="profile"
    >
      Profile
    </a>
    <a
      href="/signin"
      id="logout"
    >
      <svg
        aria-hidden="true"
        className="svg-inline--fa fa-right-from-bracket "
        data-icon="right-from-bracket"
        data-prefix="fas"
        focusable="false"
        role="img"
        style={Object {}}
        viewBox="0 0 512 512"
        xmlns="http://www.w3.org/2000/svg"
      >
        <path
          d="M377.9 105.9L500.7 228.7c7.2 7.2 11.3 17.1 11.3 27.3s-4.1 20.1-11.3 27.3L377.9 406.1c-6.4 6.4-15 9.9-24 9.9c-18.7 0-33.9-15.2-33.9-33.9l0-62.1-128 0c-17.7 0-32-14.3-32-32l0-64c0-17.7 14.3-32 32-32l128 0 0-62.1c0-18.7 15.2-33.9 33.9-33.9c9 0 17.6 3.6 24 9.9zM160 96L96 96c-17.7 0-32 14.3-32 32l0 256c0 17.7 14.3 32 32 32l64 0c17.7 0 32 14.3 32 32s-14.3 32-32 32l-64 0c-53 0-96-43-96-96L0 128C0 75 43 32 96 32l64 0c17.7 0 32 14.3 32 32s-14.3 32-32 32z"
          fill="currentColor"
          style={Object {}}
        />
      </svg>
    </a>
    <div
      className="search-container"
    >
      <form
        action="/search"
      >
        <input
          name="username"
          placeholder="Search.."
          type="text"
        />
        <button
          type="submit"
        >
          <svg
            aria-hidden="true"
            className="svg-inline--fa fa-magnifying-glass "
            data-icon="magnifying-glass"
            data-prefix="fas"
            focusable="false"
            role="img"
            style={Object {}}
            viewBox="0 0 512 512"
            xmlns="http://www.w3.org/2000/svg"
          >
            <path
              d="M416 208c0 45.9-14.9 88.3-40 122.7L502.6 457.4c12.5 12.5 12.5 32.8 0 45.3s-32.8 12.5-45.3 0L330.7 376c-34.4 25.2-76.8 40-122.7 40C93.1 416 0 322.9 0 208S93.1 0 208 0S416 93.1 416 208zM208 352a144 144 0 1 0 0-288 144 144 0 1 0 0 288z"
              fill="currentColor"
              style={Object {}}
            />
          </svg>
        </button>
      </form>
    </div>
  </div>,
  <div
    className="home"
  >
    <div
      className="post--container"
    >
      <input
        className="title"
        id="post-title"
        maxLength="60"
        name="title"
        placeholder="Title.."
        type="text"
      />
      <textarea
        className="input-field"
        id="post-content"
        maxLength="450"
        placeholder="Create a new post.."
        size="450"
        type="text"
      />
      <div
        className="mainPost"
      >
        <div
          className="upload-btn-wrapper"
        >
          <input
            id="actual-btn"
            type="file"
          />
          <label
            for="actual-btn"
          >
            <svg
              aria-hidden="true"
              className="svg-inline--fa fa-image "
              data-icon="image"
              data-prefix="fas"
              focusable="false"
              role="img"
              style={Object {}}
              viewBox="0 0 512 512"
              xmlns="http://www.w3.org/2000/svg"
            >
              <path
                d="M0 96C0 60.7 28.7 32 64 32H448c35.3 0 64 28.7 64 64V416c0 35.3-28.7 64-64 64H64c-35.3 0-64-28.7-64-64V96zM323.8 202.5c-4.5-6.6-11.9-10.5-19.8-10.5s-15.4 3.9-19.8 10.5l-87 127.6L170.7 297c-4.6-5.7-11.5-9-18.7-9s-14.2 3.3-18.7 9l-64 80c-5.8 7.2-6.9 17.1-2.9 25.4s12.4 13.6 21.6 13.6h96 32H424c8.9 0 17.1-4.9 21.2-12.8s3.6-17.4-1.4-24.7l-120-176zM112 192a48 48 0 1 0 0-96 48 48 0 1 0 0 96z"
                fill="currentColor"
                style={Object {}}
              />
            </svg>
             Choose Image
          </label>
        </div>
        <div
          className="dropdown"
        >
          <label
            htmlFor="post-category"
          />
          <select
            id="post-category"
            name="post-category"
          >
            <option
              selected={true}
              value="PUBLIC"
            >
              Public
            </option>
            <option
              value="FRIENDS"
            >
              Friends
            </option>
            <option
              value="PRIVATE"
            >
              Private
            </option>
          </select>
        </div>
        <div>
          <button
            className="submit-button"
            onClick={[Function]}
          >
            <b>
               Submit
            </b>
             
          </button>
        </div>
      </div>
    </div>
  </div>,
]
`;

exports[`enter title  1`] = `
Array [
  <div
    className="topnav"
  >
    <a
      href="/home"
      id="home"
    >
      Home
    </a>
    <a
      href="/inbox"
      id="inbox"
    >
      Inbox
    </a>
    <a
      href="/friends"
      id="friends"
    >
      Friends
    </a>
    <a
      href="/profile"
      id="profile"
    >
      Profile
    </a>
    <a
      href="/signin"
      id="logout"
    >
      <svg
        aria-hidden="true"
        className="svg-inline--fa fa-right-from-bracket "
        data-icon="right-from-bracket"
        data-prefix="fas"
        focusable="false"
        role="img"
        style={Object {}}
        viewBox="0 0 512 512"
        xmlns="http://www.w3.org/2000/svg"
      >
        <path
          d="M377.9 105.9L500.7 228.7c7.2 7.2 11.3 17.1 11.3 27.3s-4.1 20.1-11.3 27.3L377.9 406.1c-6.4 6.4-15 9.9-24 9.9c-18.7 0-33.9-15.2-33.9-33.9l0-62.1-128 0c-17.7 0-32-14.3-32-32l0-64c0-17.7 14.3-32 32-32l128 0 0-62.1c0-18.7 15.2-33.9 33.9-33.9c9 0 17.6 3.6 24 9.9zM160 96L96 96c-17.7 0-32 14.3-32 32l0 256c0 17.7 14.3 32 32 32l64 0c17.7 0 32 14.3 32 32s-14.3 32-32 32l-64 0c-53 0-96-43-96-96L0 128C0 75 43 32 96 32l64 0c17.7 0 32 14.3 32 32s-14.3 32-32 32z"
          fill="currentColor"
          style={Object {}}
        />
      </svg>
    </a>
    <div
      className="search-container"
    >
      <form
        action="/search"
      >
        <input
          name="username"
          placeholder="Search.."
          type="text"
        />
        <button
          type="submit"
        >
          <svg
            aria-hidden="true"
            className="svg-inline--fa fa-magnifying-glass "
            data-icon="magnifying-glass"
            data-prefix="fas"
            focusable="false"
            role="img"
            style={Object {}}
            viewBox="0 0 512 512"
            xmlns="http://www.w3.org/2000/svg"
          >
            <path
              d="M416 208c0 45.9-14.9 88.3-40 122.7L502.6 457.4c12.5 12.5 12.5 32.8 0 45.3s-32.8 12.5-45.3 0L330.7 376c-34.4 25.2-76.8 40-122.7 40C93.1 416 0 322.9 0 208S93.1 0 208 0S416 93.1 416 208zM208 352a144 144 0 1 0 0-288 144 144 0 1 0 0 288z"
              fill="currentColor"
              style={Object {}}
            />
          </svg>
        </button>
      </form>
    </div>
  </div>,
  <div
    className="home"
  >
    <div
      className="post--container"
    >
      <input
        className="title"
        id="post-title"
        maxLength="60"
        name="title"
        placeholder="Title.."
        type="text"
      />
      <textarea
        className="input-field"
        id="post-content"
        maxLength="450"
        placeholder="Create a new post.."
        size="450"
        type="text"
      />
      <div
        className="mainPost"
      >
        <div
          className="upload-btn-wrapper"
        >
          <input
            id="actual-btn"
            type="file"
          />
          <label
            for="actual-btn"
          >
            <svg
              aria-hidden="true"
              className="svg-inline--fa fa-image "
              data-icon="image"
              data-prefix="fas"
              focusable="false"
              role="img"
              style={Object {}}
              viewBox="0 0 512 512"
              xmlns="http://www.w3.org/2000/svg"
            >
              <path
                d="M0 96C0 60.7 28.7 32 64 32H448c35.3 0 64 28.7 64 64V416c0 35.3-28.7 64-64 64H64c-35.3 0-64-28.7-64-64V96zM323.8 202.5c-4.5-6.6-11.9-10.5-19.8-10.5s-15.4 3.9-19.8 10.5l-87 127.6L170.7 297c-4.6-5.7-11.5-9-18.7-9s-14.2 3.3-18.7 9l-64 80c-5.8 7.2-6.9 17.1-2.9 25.4s12.4 13.6 21.6 13.6h96 32H424c8.9 0 17.1-4.9 21.2-12.8s3.6-17.4-1.4-24.7l-120-176zM112 192a48 48 0 1 0 0-96 48 48 0 1 0 0 96z"
                fill="currentColor"
                style={Object {}}
              />
            </svg>
             Choose Image
          </label>
        </div>
        <div
          className="dropdown"
        >
          <label
            htmlFor="post-category"
          />
          <select
            id="post-category"
            name="post-category"
          >
            <option
              selected={true}
              value="PUBLIC"
            >
              Public
            </option>
            <option
              value="FRIENDS"
            >
              Friends
            </option>
            <option
              value="PRIVATE"
            >
              Private
            </option>
          </select>
        </div>
        <div>
          <button
            className="submit-button"
            onClick={[Function]}
          >
            <b>
               Submit
            </b>
             
          </button>
        </div>
      </div>
    </div>
  </div>,
]
`;

exports[`home page renders correctly 1`] = `
Array [
  <div
    className="topnav"
  >
    <a
      href="/home"
      id="home"
    >
      Home
    </a>
    <a
      href="/inbox"
      id="inbox"
    >
      Inbox
    </a>
    <a
      href="/friends"
      id="friends"
    >
      Friends
    </a>
    <a
      href="/profile"
      id="profile"
    >
      Profile
    </a>
    <a
      href="/signin"
      id="logout"
    >
      <svg
        aria-hidden="true"
        className="svg-inline--fa fa-right-from-bracket "
        data-icon="right-from-bracket"
        data-prefix="fas"
        focusable="false"
        role="img"
        style={Object {}}
        viewBox="0 0 512 512"
        xmlns="http://www.w3.org/2000/svg"
      >
        <path
          d="M377.9 105.9L500.7 228.7c7.2 7.2 11.3 17.1 11.3 27.3s-4.1 20.1-11.3 27.3L377.9 406.1c-6.4 6.4-15 9.9-24 9.9c-18.7 0-33.9-15.2-33.9-33.9l0-62.1-128 0c-17.7 0-32-14.3-32-32l0-64c0-17.7 14.3-32 32-32l128 0 0-62.1c0-18.7 15.2-33.9 33.9-33.9c9 0 17.6 3.6 24 9.9zM160 96L96 96c-17.7 0-32 14.3-32 32l0 256c0 17.7 14.3 32 32 32l64 0c17.7 0 32 14.3 32 32s-14.3 32-32 32l-64 0c-53 0-96-43-96-96L0 128C0 75 43 32 96 32l64 0c17.7 0 32 14.3 32 32s-14.3 32-32 32z"
          fill="currentColor"
          style={Object {}}
        />
      </svg>
    </a>
    <div
      className="search-container"
    >
      <form
        action="/search"
      >
        <input
          name="username"
          placeholder="Search.."
          type="text"
        />
        <button
          type="submit"
        >
          <svg
            aria-hidden="true"
            className="svg-inline--fa fa-magnifying-glass "
            data-icon="magnifying-glass"
            data-prefix="fas"
            focusable="false"
            role="img"
            style={Object {}}
            viewBox="0 0 512 512"
            xmlns="http://www.w3.org/2000/svg"
          >
            <path
              d="M416 208c0 45.9-14.9 88.3-40 122.7L502.6 457.4c12.5 12.5 12.5 32.8 0 45.3s-32.8 12.5-45.3 0L330.7 376c-34.4 25.2-76.8 40-122.7 40C93.1 416 0 322.9 0 208S93.1 0 208 0S416 93.1 416 208zM208 352a144 144 0 1 0 0-288 144 144 0 1 0 0 288z"
              fill="currentColor"
              style={Object {}}
            />
          </svg>
        </button>
      </form>
    </div>
  </div>,
  <div
    className="home"
  >
    <div
      className="post--container"
    >
      <input
        className="title"
        id="post-title"
        maxLength="60"
        name="title"
        placeholder="Title.."
        type="text"
      />
      <textarea
        className="input-field"
        id="post-content"
        maxLength="450"
        placeholder="Create a new post.."
        size="450"
        type="text"
      />
      <div
        className="mainPost"
      >
        <div
          className="upload-btn-wrapper"
        >
          <input
            id="actual-btn"
            type="file"
          />
          <label
            for="actual-btn"
          >
            <svg
              aria-hidden="true"
              className="svg-inline--fa fa-image "
              data-icon="image"
              data-prefix="fas"
              focusable="false"
              role="img"
              style={Object {}}
              viewBox="0 0 512 512"
              xmlns="http://www.w3.org/2000/svg"
            >
              <path
                d="M0 96C0 60.7 28.7 32 64 32H448c35.3 0 64 28.7 64 64V416c0 35.3-28.7 64-64 64H64c-35.3 0-64-28.7-64-64V96zM323.8 202.5c-4.5-6.6-11.9-10.5-19.8-10.5s-15.4 3.9-19.8 10.5l-87 127.6L170.7 297c-4.6-5.7-11.5-9-18.7-9s-14.2 3.3-18.7 9l-64 80c-5.8 7.2-6.9 17.1-2.9 25.4s12.4 13.6 21.6 13.6h96 32H424c8.9 0 17.1-4.9 21.2-12.8s3.6-17.4-1.4-24.7l-120-176zM112 192a48 48 0 1 0 0-96 48 48 0 1 0 0 96z"
                fill="currentColor"
                style={Object {}}
              />
            </svg>
             Choose Image
          </label>
        </div>
        <div
          className="dropdown"
        >
          <label
            htmlFor="post-category"
          />
          <select
            id="post-category"
            name="post-category"
          >
            <option
              selected={true}
              value="PUBLIC"
            >
              Public
            </option>
            <option
              value="FRIENDS"
            >
              Friends
            </option>
            <option
              value="PRIVATE"
            >
              Private
            </option>
          </select>
        </div>
        <div>
          <button
            className="submit-button"
            onClick={[Function]}
          >
            <b>
               Submit
            </b>
             
          </button>
        </div>
      </div>
    </div>
  </div>,
]
`;

exports[`search button can be clicked  1`] = `
Array [
  <div
    className="topnav"
  >
    <a
      href="/home"
      id="home"
    >
      Home
    </a>
    <a
      href="/inbox"
      id="inbox"
    >
      Inbox
    </a>
    <a
      href="/friends"
      id="friends"
    >
      Friends
    </a>
    <a
      href="/profile"
      id="profile"
    >
      Profile
    </a>
    <a
      href="/signin"
      id="logout"
    >
      <svg
        aria-hidden="true"
        className="svg-inline--fa fa-right-from-bracket "
        data-icon="right-from-bracket"
        data-prefix="fas"
        focusable="false"
        role="img"
        style={Object {}}
        viewBox="0 0 512 512"
        xmlns="http://www.w3.org/2000/svg"
      >
        <path
          d="M377.9 105.9L500.7 228.7c7.2 7.2 11.3 17.1 11.3 27.3s-4.1 20.1-11.3 27.3L377.9 406.1c-6.4 6.4-15 9.9-24 9.9c-18.7 0-33.9-15.2-33.9-33.9l0-62.1-128 0c-17.7 0-32-14.3-32-32l0-64c0-17.7 14.3-32 32-32l128 0 0-62.1c0-18.7 15.2-33.9 33.9-33.9c9 0 17.6 3.6 24 9.9zM160 96L96 96c-17.7 0-32 14.3-32 32l0 256c0 17.7 14.3 32 32 32l64 0c17.7 0 32 14.3 32 32s-14.3 32-32 32l-64 0c-53 0-96-43-96-96L0 128C0 75 43 32 96 32l64 0c17.7 0 32 14.3 32 32s-14.3 32-32 32z"
          fill="currentColor"
          style={Object {}}
        />
      </svg>
    </a>
    <div
      className="search-container"
    >
      <form
        action="/search"
      >
        <input
          name="username"
          placeholder="Search.."
          type="text"
        />
        <button
          type="submit"
        >
          <svg
            aria-hidden="true"
            className="svg-inline--fa fa-magnifying-glass "
            data-icon="magnifying-glass"
            data-prefix="fas"
            focusable="false"
            role="img"
            style={Object {}}
            viewBox="0 0 512 512"
            xmlns="http://www.w3.org/2000/svg"
          >
            <path
              d="M416 208c0 45.9-14.9 88.3-40 122.7L502.6 457.4c12.5 12.5 12.5 32.8 0 45.3s-32.8 12.5-45.3 0L330.7 376c-34.4 25.2-76.8 40-122.7 40C93.1 416 0 322.9 0 208S93.1 0 208 0S416 93.1 416 208zM208 352a144 144 0 1 0 0-288 144 144 0 1 0 0 288z"
              fill="currentColor"
              style={Object {}}
            />
          </svg>
        </button>
      </form>
    </div>
  </div>,
  <div
    className="home"
  >
    <div
      className="post--container"
    >
      <input
        className="title"
        id="post-title"
        maxLength="60"
        name="title"
        placeholder="Title.."
        type="text"
      />
      <textarea
        className="input-field"
        id="post-content"
        maxLength="450"
        placeholder="Create a new post.."
        size="450"
        type="text"
      />
      <div
        className="mainPost"
      >
        <div
          className="upload-btn-wrapper"
        >
          <input
            id="actual-btn"
            type="file"
          />
          <label
            for="actual-btn"
          >
            <svg
              aria-hidden="true"
              className="svg-inline--fa fa-image "
              data-icon="image"
              data-prefix="fas"
              focusable="false"
              role="img"
              style={Object {}}
              viewBox="0 0 512 512"
              xmlns="http://www.w3.org/2000/svg"
            >
              <path
                d="M0 96C0 60.7 28.7 32 64 32H448c35.3 0 64 28.7 64 64V416c0 35.3-28.7 64-64 64H64c-35.3 0-64-28.7-64-64V96zM323.8 202.5c-4.5-6.6-11.9-10.5-19.8-10.5s-15.4 3.9-19.8 10.5l-87 127.6L170.7 297c-4.6-5.7-11.5-9-18.7-9s-14.2 3.3-18.7 9l-64 80c-5.8 7.2-6.9 17.1-2.9 25.4s12.4 13.6 21.6 13.6h96 32H424c8.9 0 17.1-4.9 21.2-12.8s3.6-17.4-1.4-24.7l-120-176zM112 192a48 48 0 1 0 0-96 48 48 0 1 0 0 96z"
                fill="currentColor"
                style={Object {}}
              />
            </svg>
             Choose Image
          </label>
        </div>
        <div
          className="dropdown"
        >
          <label
            htmlFor="post-category"
          />
          <select
            id="post-category"
            name="post-category"
          >
            <option
              selected={true}
              value="PUBLIC"
            >
              Public
            </option>
            <option
              value="FRIENDS"
            >
              Friends
            </option>
            <option
              value="PRIVATE"
            >
              Private
            </option>
          </select>
        </div>
        <div>
          <button
            className="submit-button"
            onClick={[Function]}
          >
            <b>
               Submit
            </b>
             
          </button>
        </div>
      </div>
    </div>
  </div>,
]
`;

exports[`submit button can be clicked  1`] = `
Array [
  <div
    className="topnav"
  >
    <a
      href="/home"
      id="home"
    >
      Home
    </a>
    <a
      href="/inbox"
      id="inbox"
    >
      Inbox
    </a>
    <a
      href="/friends"
      id="friends"
    >
      Friends
    </a>
    <a
      href="/profile"
      id="profile"
    >
      Profile
    </a>
    <a
      href="/signin"
      id="logout"
    >
      <svg
        aria-hidden="true"
        className="svg-inline--fa fa-right-from-bracket "
        data-icon="right-from-bracket"
        data-prefix="fas"
        focusable="false"
        role="img"
        style={Object {}}
        viewBox="0 0 512 512"
        xmlns="http://www.w3.org/2000/svg"
      >
        <path
          d="M377.9 105.9L500.7 228.7c7.2 7.2 11.3 17.1 11.3 27.3s-4.1 20.1-11.3 27.3L377.9 406.1c-6.4 6.4-15 9.9-24 9.9c-18.7 0-33.9-15.2-33.9-33.9l0-62.1-128 0c-17.7 0-32-14.3-32-32l0-64c0-17.7 14.3-32 32-32l128 0 0-62.1c0-18.7 15.2-33.9 33.9-33.9c9 0 17.6 3.6 24 9.9zM160 96L96 96c-17.7 0-32 14.3-32 32l0 256c0 17.7 14.3 32 32 32l64 0c17.7 0 32 14.3 32 32s-14.3 32-32 32l-64 0c-53 0-96-43-96-96L0 128C0 75 43 32 96 32l64 0c17.7 0 32 14.3 32 32s-14.3 32-32 32z"
          fill="currentColor"
          style={Object {}}
        />
      </svg>
    </a>
    <div
      className="search-container"
    >
      <form
        action="/search"
      >
        <input
          name="username"
          placeholder="Search.."
          type="text"
        />
        <button
          type="submit"
        >
          <svg
            aria-hidden="true"
            className="svg-inline--fa fa-magnifying-glass "
            data-icon="magnifying-glass"
            data-prefix="fas"
            focusable="false"
            role="img"
            style={Object {}}
            viewBox="0 0 512 512"
            xmlns="http://www.w3.org/2000/svg"
          >
            <path
              d="M416 208c0 45.9-14.9 88.3-40 122.7L502.6 457.4c12.5 12.5 12.5 32.8 0 45.3s-32.8 12.5-45.3 0L330.7 376c-34.4 25.2-76.8 40-122.7 40C93.1 416 0 322.9 0 208S93.1 0 208 0S416 93.1 416 208zM208 352a144 144 0 1 0 0-288 144 144 0 1 0 0 288z"
              fill="currentColor"
              style={Object {}}
            />
          </svg>
        </button>
      </form>
    </div>
  </div>,
  <div
    className="home"
  >
    <div
      className="post--container"
    >
      <input
        className="title"
        id="post-title"
        maxLength="60"
        name="title"
        placeholder="Title.."
        type="text"
      />
      <textarea
        className="input-field"
        id="post-content"
        maxLength="450"
        placeholder="Create a new post.."
        size="450"
        type="text"
      />
      <div
        className="mainPost"
      >
        <div
          className="upload-btn-wrapper"
        >
          <input
            id="actual-btn"
            type="file"
          />
          <label
            for="actual-btn"
          >
            <svg
              aria-hidden="true"
              className="svg-inline--fa fa-image "
              data-icon="image"
              data-prefix="fas"
              focusable="false"
              role="img"
              style={Object {}}
              viewBox="0 0 512 512"
              xmlns="http://www.w3.org/2000/svg"
            >
              <path
                d="M0 96C0 60.7 28.7 32 64 32H448c35.3 0 64 28.7 64 64V416c0 35.3-28.7 64-64 64H64c-35.3 0-64-28.7-64-64V96zM323.8 202.5c-4.5-6.6-11.9-10.5-19.8-10.5s-15.4 3.9-19.8 10.5l-87 127.6L170.7 297c-4.6-5.7-11.5-9-18.7-9s-14.2 3.3-18.7 9l-64 80c-5.8 7.2-6.9 17.1-2.9 25.4s12.4 13.6 21.6 13.6h96 32H424c8.9 0 17.1-4.9 21.2-12.8s3.6-17.4-1.4-24.7l-120-176zM112 192a48 48 0 1 0 0-96 48 48 0 1 0 0 96z"
                fill="currentColor"
                style={Object {}}
              />
            </svg>
             Choose Image
          </label>
        </div>
        <div
          className="dropdown"
        >
          <label
            htmlFor="post-category"
          />
          <select
            id="post-category"
            name="post-category"
          >
            <option
              selected={true}
              value="PUBLIC"
            >
              Public
            </option>
            <option
              value="FRIENDS"
            >
              Friends
            </option>
            <option
              value="PRIVATE"
            >
              Private
            </option>
          </select>
        </div>
        <div>
          <button
            className="submit-button"
            onClick={[Function]}
          >
            <b>
               Submit
            </b>
             
          </button>
        </div>
      </div>
    </div>
  </div>,
]
`;
